[32mWindFlow Status Message: PipeGraph [ingress_time_windows] is running with 20 threads[0m
--> DEFAULT (out-of-order) mode [32menabled[0m
--> INGRESS_TIME policy [32menabled[0m
--> Backpressure [31mdisabled[0m
--> Non-blocking queues [32menabled[0m
--> Pinning of threads [32menabled[0m
[SRC0] File /disc1/homes/lorenzoni/WindFlow-Table-API/nexmark_datasets/30m_bid.csv aperto.
[SRC1] File /disc1/homes/lorenzoni/WindFlow-Table-API/nexmark_datasets/30m_bid.csv aperto.
[SRC2] File /disc1/homes/lorenzoni/WindFlow-Table-API/nexmark_datasets/30m_bid.csv aperto.
[SRC3] File /disc1/homes/lorenzoni/WindFlow-Table-API/nexmark_datasets/30m_bid.csv aperto.
[SRC4] File /disc1/homes/lorenzoni/WindFlow-Table-API/nexmark_datasets/30m_bid.csv aperto.
[SINK] File ingress_time_windows_output3.csv aperto.
[SINK] File ingress_time_windows_output4.csv aperto.
[SINK] File ingress_time_windows_output2.csv aperto.
[SINK] File ingress_time_windows_output1.csv aperto.
[SINK] File ingress_time_windows_output0.csv aperto.
[SRC2] File /disc1/homes/lorenzoni/WindFlow-Table-API/nexmark_datasets/30m_bid.csv parsing terminato.
[SRC_METRICS] source=/disc1/homes/lorenzoni/WindFlow-Table-API/nexmark_datasets/30m_bid.csv replica=2 start_us=52140389371996 stop_us=52140491423265 tuples=5524078
[SRC1] File /disc1/homes/lorenzoni/WindFlow-Table-API/nexmark_datasets/30m_bid.csv parsing terminato.
[SRC_METRICS] source=/disc1/homes/lorenzoni/WindFlow-Table-API/nexmark_datasets/30m_bid.csv replica=1 start_us=52140389320619 stop_us=52140491729247 tuples=5525320
[SRC4] File /disc1/homes/lorenzoni/WindFlow-Table-API/nexmark_datasets/30m_bid.csv parsing terminato.
[SRC_METRICS] source=/disc1/homes/lorenzoni/WindFlow-Table-API/nexmark_datasets/30m_bid.csv replica=4 start_us=52140389338115 stop_us=52140499983518 tuples=5500462
[SRC3] File /disc1/homes/lorenzoni/WindFlow-Table-API/nexmark_datasets/30m_bid.csv parsing terminato.
[SRC_METRICS] source=/disc1/homes/lorenzoni/WindFlow-Table-API/nexmark_datasets/30m_bid.csv replica=3 start_us=52140389324335 stop_us=52140505365255 tuples=5523544
[SRC0] File /disc1/homes/lorenzoni/WindFlow-Table-API/nexmark_datasets/30m_bid.csv parsing terminato.
[SRC_METRICS] source=/disc1/homes/lorenzoni/WindFlow-Table-API/nexmark_datasets/30m_bid.csv replica=0 start_us=52140389312240 stop_us=52140509635701 tuples=5526596
[SINK4] File ingress_time_windows_output4.csv completato e chiuso.
[SINK_METRICS] sink=ingress_time_windows_output4.csv replica=4 start_us=52140391561830 stop_us=52140509845368 tuples=7669717
[SINK1] File ingress_time_windows_output1.csv completato e chiuso.
[SINK_METRICS] sink=ingress_time_windows_output1.csv replica=1 start_us=52140391561937 stop_us=52140509844835 tuples=7671756
[SINK[SINK20] File ingress_time_windows_output0.csv completato e chiuso.] File 
ingress_time_windows_output2.csv[SINK_METRICS] sink=ingress_time_windows_output0.csv replica=0 start_us=52140391561962 stop_us=52140510259865 tuples=7670363
 completato e chiuso.
[SINK_METRICS] sink=ingress_time_windows_output2.csv replica=2 start_us=52140391561915 stop_us=52140509876173 tuples=7669401
[SINK3] File ingress_time_windows_output3.csv completato e chiuso.
[SINK_METRICS] sink=ingress_time_windows_output3.csv replica=3 start_us=52140391561816 stop_us=52140509845661 tuples=7669094
[32mWindFlow Status Message: PipeGraph [ingress_time_windows] executed successfully[0m
