[32mWindFlow Status Message: PipeGraph [new_users] is running with 16 threads[0m
--> DEFAULT (out-of-order) mode [32menabled[0m
--> EVENT_TIME policy [32menabled[0m
--> Backpressure [31mdisabled[0m
--> Non-blocking queues [32menabled[0m
--> Pinning of threads [32menabled[0m
[SRC0] File /disc1/homes/lorenzoni/WindFlow-Table-API/nexmark_datasets/70m_person.csv aperto.
[SRC1] File /disc1/homes/lorenzoni/WindFlow-Table-API/nexmark_datasets/70m_person.csv aperto.
[SRC0] File /disc1/homes/lorenzoni/WindFlow-Table-API/nexmark_datasets/70m_auction.csv aperto.
[SRC1] File /disc1/homes/lorenzoni/WindFlow-Table-API/nexmark_datasets/70m_auction.csv aperto.
[SINK] File new_users_output0.csv aperto.
[SINK] File new_users_output1.csv aperto.
[SRC1] File /disc1/homes/lorenzoni/WindFlow-Table-API/nexmark_datasets/70m_person.csv parsing terminato.
[SRC_METRICS] source=/disc1/homes/lorenzoni/WindFlow-Table-API/nexmark_datasets/70m_person.csv replica=1 start_us=51820829857978 stop_us=51820831758644 tuples=669459
[SRC0] File /disc1/homes/lorenzoni/WindFlow-Table-API/nexmark_datasets/70m_person.csv parsing terminato.
[SRC_METRICS] source=/disc1/homes/lorenzoni/WindFlow-Table-API/nexmark_datasets/70m_person.csv replica=0 start_us=51820829857734 stop_us=51820831895299 tuples=730541
[SRC1] File /disc1/homes/lorenzoni/WindFlow-Table-API/nexmark_datasets/70m_auction.csv parsing terminato.
[SRC_METRICS] source=/disc1/homes/lorenzoni/WindFlow-Table-API/nexmark_datasets/70m_auction.csv replica=1 start_us=51820829858682 stop_us=51820835409358 tuples=2073185
[SRC0] File /disc1/homes/lorenzoni/WindFlow-Table-API/nexmark_datasets/70m_auction.csv parsing terminato.
[SRC_METRICS] source=/disc1/homes/lorenzoni/WindFlow-Table-API/nexmark_datasets/70m_auction.csv replica=0 start_us=51820829858294 stop_us=51820835641050 tuples=2126815
[SINK0] File new_users_output0.csv completato e chiuso.
[SINK_METRICS] sink=new_users_output0.csv replica=0 start_us=51820829868201 stop_us=51820835641145 tuples=524271
[SINK1] File new_users_output1.csv completato e chiuso.
[SINK_METRICS] sink=new_users_output1.csv replica=1 start_us=51820829868445 stop_us=51820844994410 tuples=3675504
[32mWindFlow Status Message: PipeGraph [new_users] executed successfully[0m
