[32mWindFlow Status Message: PipeGraph [selling_in_states] is running with 19 threads[0m
--> DEFAULT (out-of-order) mode [32menabled[0m
--> EVENT_TIME policy [32menabled[0m
--> Backpressure [31mdisabled[0m
--> Non-blocking queues [32menabled[0m
--> Pinning of threads [32menabled[0m
[SRC0] File /disc1/homes/lorenzoni/WindFlow-Table-API/nexmark_datasets/70m_person.csv aperto.
[SRC1] File /disc1/homes/lorenzoni/WindFlow-Table-API/nexmark_datasets/70m_person.csv aperto.
[SRC0] File /disc1/homes/lorenzoni/WindFlow-Table-API/nexmark_datasets/70m_auction.csv aperto.
[SRC1] File /disc1/homes/lorenzoni/WindFlow-Table-API/nexmark_datasets/70m_auction.csv aperto.
[SINK] File selling_in_states_output0.csv aperto.
[SINK] File selling_in_states_output1.csv aperto.
[SRC1] File /disc1/homes/lorenzoni/WindFlow-Table-API/nexmark_datasets/70m_person.csv parsing terminato.
[SRC_METRICS] source=/disc1/homes/lorenzoni/WindFlow-Table-API/nexmark_datasets/70m_person.csv replica=1 start_us=51740329458690 stop_us=51740331277690 tuples=669459
[SRC0] File /disc1/homes/lorenzoni/WindFlow-Table-API/nexmark_datasets/70m_person.csv parsing terminato.
[SRC_METRICS] source=/disc1/homes/lorenzoni/WindFlow-Table-API/nexmark_datasets/70m_person.csv replica=0 start_us=51740329458434 stop_us=51740331438524 tuples=730541
[SRC0] File /disc1/homes/lorenzoni/WindFlow-Table-API/nexmark_datasets/70m_auction.csv parsing terminato.
[SRC_METRICS] source=/disc1/homes/lorenzoni/WindFlow-Table-API/nexmark_datasets/70m_auction.csv replica=0 start_us=51740329459107 stop_us=51740335134119 tuples=2126815
[SRC1] File /disc1/homes/lorenzoni/WindFlow-Table-API/nexmark_datasets/70m_auction.csv parsing terminato.
[SRC_METRICS] source=/disc1/homes/lorenzoni/WindFlow-Table-API/nexmark_datasets/70m_auction.csv replica=1 start_us=51740329459532 stop_us=51740335198189 tuples=2073185
