[32mWindFlow Status Message: PipeGraph [max_bids] is running with 25 threads[0m
--> DEFAULT (out-of-order) mode [32menabled[0m
--> EVENT_TIME policy [32menabled[0m
--> Backpressure [31mdisabled[0m
--> Non-blocking queues [32menabled[0m
--> Pinning of threads [32menabled[0m
[SRC0] File /disc1/homes/lorenzoni/WindFlow-Table-API/nexmark_datasets/10m_bid.csv aperto.
[SRC1] File /disc1/homes/lorenzoni/WindFlow-Table-API/nexmark_datasets/10m_bid.csv aperto.
[SRC2] File /disc1/homes/lorenzoni/WindFlow-Table-API/nexmark_datasets/10m_bid.csv aperto.
[SRC0] File /disc1/homes/lorenzoni/WindFlow-Table-API/nexmark_datasets/10m_bid.csv aperto.
[SRC1] File /disc1/homes/lorenzoni/WindFlow-Table-API/nexmark_datasets/10m_bid.csv aperto.
[SRC2] File /disc1/homes/lorenzoni/WindFlow-Table-API/nexmark_datasets/10m_bid.csv aperto.
[SINK] File max_bids_output1.csv aperto.
[SRC2] File /disc1/homes/lorenzoni/WindFlow-Table-API/nexmark_datasets/10m_bid.csv parsing terminato.
[SRC_METRICS] source=/disc1/homes/lorenzoni/WindFlow-Table-API/nexmark_datasets/10m_bid.csv replica=2 start_us=52137885677413 stop_us=52137893133724 tuples=2863875
[SRC1] File /disc1/homes/lorenzoni/WindFlow-Table-API/nexmark_datasets/10m_bid.csv parsing terminato.
[SRC_METRICS] source=/disc1/homes/lorenzoni/WindFlow-Table-API/nexmark_datasets/10m_bid.csv replica=1 start_us=52137885677238 stop_us=52137893781098 tuples=3109817
[SRC2] File /disc1/homes/lorenzoni/WindFlow-Table-API/nexmark_datasets/10m_bid.csv parsing terminato.
[SRC_METRICS] source=/disc1/homes/lorenzoni/WindFlow-Table-API/nexmark_datasets/10m_bid.csv replica=2 start_us=52137885678129 stop_us=52137895231085 tuples=2863875
[SRC1] File /disc1/homes/lorenzoni/WindFlow-Table-API/nexmark_datasets/10m_bid.csv parsing terminato.
[SRC_METRICS] source=/disc1/homes/lorenzoni/WindFlow-Table-API/nexmark_datasets/10m_bid.csv replica=1 start_us=52137885677860 stop_us=52137896022554 tuples=3109817
[SRC0] File /disc1/homes/lorenzoni/WindFlow-Table-API/nexmark_datasets/10m_bid.csv parsing terminato.
[SRC_METRICS] source=/disc1/homes/lorenzoni/WindFlow-Table-API/nexmark_datasets/10m_bid.csv replica=0 start_us=52137885677676 stop_us=52137896398225 tuples=3226308
[SRC0] File /disc1/homes/lorenzoni/WindFlow-Table-API/nexmark_datasets/10m_bid.csv parsing terminato.
[SRC_METRICS] source=/disc1/homes/lorenzoni/WindFlow-Table-API/nexmark_datasets/10m_bid.csv replica=0 start_us=52137885677084 stop_us=52137898388178 tuples=3226308
[SINK] File max_bids_output2.csv aperto.
[SINK] File max_bids_output0.csv aperto.
