[32mWindFlow Status Message: PipeGraph [selling_in_states] is running with 20 threads[0m
--> DEFAULT (out-of-order) mode [32menabled[0m
--> EVENT_TIME policy [32menabled[0m
--> Backpressure [31mdisabled[0m
--> Non-blocking queues [32menabled[0m
--> Pinning of threads [32menabled[0m
[SRC0] File /disc1/homes/lorenzoni/WindFlow-Table-API/nexmark_datasets/70m_person.csv aperto.
[SRC1] File /disc1/homes/lorenzoni/WindFlow-Table-API/nexmark_datasets/70m_person.csv aperto.
[SRC0] File /disc1/homes/lorenzoni/WindFlow-Table-API/nexmark_datasets/70m_auction.csv aperto.
[SRC1] File /disc1/homes/lorenzoni/WindFlow-Table-API/nexmark_datasets/70m_auction.csv aperto.
[SINK] File selling_in_states_output0.csv aperto.
[SINK] File selling_in_states_output1.csv aperto.
[SRC1] File /disc1/homes/lorenzoni/WindFlow-Table-API/nexmark_datasets/70m_person.csv parsing terminato.
[SRC_METRICS] source=/disc1/homes/lorenzoni/WindFlow-Table-API/nexmark_datasets/70m_person.csv replica=1 start_us=51737779719537 stop_us=51737781551634 tuples=669459
[SRC0] File /disc1/homes/lorenzoni/WindFlow-Table-API/nexmark_datasets/70m_person.csv parsing terminato.
[SRC_METRICS] source=/disc1/homes/lorenzoni/WindFlow-Table-API/nexmark_datasets/70m_person.csv replica=0 start_us=51737779719370 stop_us=51737781711401 tuples=730541
[SRC0] File /disc1/homes/lorenzoni/WindFlow-Table-API/nexmark_datasets/70m_auction.csv parsing terminato.
[SRC_METRICS] source=/disc1/homes/lorenzoni/WindFlow-Table-API/nexmark_datasets/70m_auction.csv replica=0 start_us=51737779719891 stop_us=51737785321798 tuples=2126815
[SRC1] File /disc1/homes/lorenzoni/WindFlow-Table-API/nexmark_datasets/70m_auction.csv parsing terminato.
[SRC_METRICS] source=/disc1/homes/lorenzoni/WindFlow-Table-API/nexmark_datasets/70m_auction.csv replica=1 start_us=51737779720334 stop_us=51737785363725 tuples=2073185
[SINK0] File selling_in_states_output0.csv completato e chiuso.
[SINK_METRICS] sink=selling_in_states_output0.csv replica=0 start_us=51737779721967 stop_us=51737785363809 tuples=52112
[SINK1] File selling_in_states_output1.csv completato e chiuso.
[SINK_METRICS] sink=selling_in_states_output1.csv replica=1 start_us=51737779722567 stop_us=51737785363811 tuples=368544
[32mWindFlow Status Message: PipeGraph [selling_in_states] executed successfully[0m
