[32mWindFlow Status Message: PipeGraph [winning_bids] is running with 24 threads[0m
--> DEFAULT (out-of-order) mode [32menabled[0m
--> EVENT_TIME policy [32menabled[0m
--> Backpressure [31mdisabled[0m
--> Non-blocking queues [32menabled[0m
--> Pinning of threads [32menabled[0m
[SRC0] File /disc1/homes/lorenzoni/WindFlow-Table-API/nexmark_datasets/30m_bid.csv aperto.
[SRC1] File /disc1/homes/lorenzoni/WindFlow-Table-API/nexmark_datasets/30m_bid.csv aperto.
[SRC2] File /disc1/homes/lorenzoni/WindFlow-Table-API/nexmark_datasets/30m_bid.csv aperto.
[SRC0] File /disc1/homes/lorenzoni/WindFlow-Table-API/nexmark_datasets/30m_auction.csv aperto.
[SRC1] File /disc1/homes/lorenzoni/WindFlow-Table-API/nexmark_datasets/30m_auction.csv aperto.
[SRC2] File /disc1/homes/lorenzoni/WindFlow-Table-API/nexmark_datasets/30m_auction.csv aperto.
[SRC2] File /disc1/homes/lorenzoni/WindFlow-Table-API/nexmark_datasets/30m_auction.csv parsing terminato.
[SRC_METRICS] source=/disc1/homes/lorenzoni/WindFlow-Table-API/nexmark_datasets/30m_auction.csv replica=2 start_us=52082005185166 stop_us=52082006668385 tuples=578352
[SRC1] File /disc1/homes/lorenzoni/WindFlow-Table-API/nexmark_datasets/30m_auction.csv parsing terminato.
[SRC_METRICS] source=/disc1/homes/lorenzoni/WindFlow-Table-API/nexmark_datasets/30m_auction.csv replica=1 start_us=52082005184920 stop_us=52082006682605 tuples=578975
[SRC0] File /disc1/homes/lorenzoni/WindFlow-Table-API/nexmark_datasets/30m_auction.csv parsing terminato.
[SRC_METRICS] source=/disc1/homes/lorenzoni/WindFlow-Table-API/nexmark_datasets/30m_auction.csv replica=0 start_us=52082005184333 stop_us=52082006859863 tuples=642673
[SINK] File winning_bids_output0.csv aperto.
[SINK] File winning_bids_output2.csv aperto.
[SINK] File winning_bids_output1.csv aperto.
[SRC2] File /disc1/homes/lorenzoni/WindFlow-Table-API/nexmark_datasets/30m_bid.csv parsing terminato.
[SRC_METRICS] source=/disc1/homes/lorenzoni/WindFlow-Table-API/nexmark_datasets/30m_bid.csv replica=2 start_us=52082005184113 stop_us=52082029193889 tuples=9064089
[SRC0] File /disc1/homes/lorenzoni/WindFlow-Table-API/nexmark_datasets/30m_bid.csv parsing terminato.
[SRC_METRICS] source=/disc1/homes/lorenzoni/WindFlow-Table-API/nexmark_datasets/30m_bid.csv replica=0 start_us=52082005183687 stop_us=52082029785911 tuples=9271344
[SRC1] File /disc1/homes/lorenzoni/WindFlow-Table-API/nexmark_datasets/30m_bid.csv parsing terminato.
[SRC_METRICS] source=/disc1/homes/lorenzoni/WindFlow-Table-API/nexmark_datasets/30m_bid.csv replica=1 start_us=52082005183893 stop_us=52082030044968 tuples=9264567
[SINK0] File winning_bids_output0.csv completato e chiuso.
[SINK_METRICS] sink=winning_bids_output0.csv replica=0 start_us=52082010687841 stop_us=52082042120973 tuples=4450083
[SINK2] File winning_bids_output2.csv completato e chiuso.
[SINK_METRICS] sink=winning_bids_output2.csv replica=2 start_us=52082010699758 stop_us=52082042156690 tuples=4447572
[SINK1] File winning_bids_output1.csv completato e chiuso.
[SINK_METRICS] sink=winning_bids_output1.csv replica=1 start_us=52082010782968 stop_us=52082042171368 tuples=4448753
[32mWindFlow Status Message: PipeGraph [winning_bids] executed successfully[0m
